Archive member included to satisfy reference by file (symbol)

c:/program files (x86)/atmel/studio/7.0/toolchain/avr8/avr8-gnu-toolchain/bin/../lib/gcc/avr/5.4.0/avr5\libgcc.a(_udivmodsi4.o)
                              APP/main.o (__udivmodsi4)
c:/program files (x86)/atmel/studio/7.0/toolchain/avr8/avr8-gnu-toolchain/bin/../lib/gcc/avr/5.4.0/avr5\libgcc.a(_exit.o)
                              C:/Program Files (x86)/Atmel/Studio/7.0/Packs/atmel/ATmega_DFP/1.7.374/gcc/dev/atmega32/avr5/crtatmega32.o (exit)
c:/program files (x86)/atmel/studio/7.0/toolchain/avr8/avr8-gnu-toolchain/bin/../lib/gcc/avr/5.4.0/avr5\libgcc.a(_copy_data.o)
                              APP/main.o (__do_copy_data)
c:/program files (x86)/atmel/studio/7.0/toolchain/avr8/avr8-gnu-toolchain/bin/../lib/gcc/avr/5.4.0/avr5\libgcc.a(_clear_bss.o)
                              APP/main.o (__do_clear_bss)
c:/program files (x86)/atmel/studio/7.0/toolchain/avr8/avr8-gnu-toolchain/bin/../lib/gcc/avr/5.4.0/avr5\libgcc.a(_umulhisi3.o)
                              APP/main.o (__umulhisi3)
c:/program files (x86)/atmel/studio/7.0/toolchain/avr8/avr8-gnu-toolchain/bin/../lib/gcc/avr/5.4.0/avr5\libgcc.a(_muluhisi3.o)
                              MCAL/TIMER_program.o (__muluhisi3)
c:/program files (x86)/atmel/studio/7.0/toolchain/avr8/avr8-gnu-toolchain/bin/../lib/gcc/avr/5.4.0/../../../../avr/lib/avr5\libc.a(itoa.o)
                              HAL/LCD_program.o (itoa)
c:/program files (x86)/atmel/studio/7.0/toolchain/avr8/avr8-gnu-toolchain/bin/../lib/gcc/avr/5.4.0/../../../../avr/lib/avr5\libc.a(itoa_ncheck.o)
                              c:/program files (x86)/atmel/studio/7.0/toolchain/avr8/avr8-gnu-toolchain/bin/../lib/gcc/avr/5.4.0/../../../../avr/lib/avr5\libc.a(itoa.o) (__itoa_ncheck)
c:/program files (x86)/atmel/studio/7.0/toolchain/avr8/avr8-gnu-toolchain/bin/../lib/gcc/avr/5.4.0/../../../../avr/lib/avr5\libc.a(utoa_ncheck.o)
                              c:/program files (x86)/atmel/studio/7.0/toolchain/avr8/avr8-gnu-toolchain/bin/../lib/gcc/avr/5.4.0/../../../../avr/lib/avr5\libc.a(itoa_ncheck.o) (__utoa_common)
c:/program files (x86)/atmel/studio/7.0/toolchain/avr8/avr8-gnu-toolchain/bin/../lib/gcc/avr/5.4.0/../../../../avr/lib/avr5\libc.a(strrev.o)
                              c:/program files (x86)/atmel/studio/7.0/toolchain/avr8/avr8-gnu-toolchain/bin/../lib/gcc/avr/5.4.0/../../../../avr/lib/avr5\libc.a(utoa_ncheck.o) (strrev)

Allocating common symbols
Common symbol       size              file

EXT2_ptr            0x2               MCAL/EXT_program.o
UART_ptr            0x2               MCAL/UART_program.o
EXT1_ptr            0x2               MCAL/EXT_program.o
EXT0_ptr            0x2               MCAL/EXT_program.o
ADCSRA_bits         0x1               MCAL/ADC_program.o
TIMER0_OVF_ptr      0x2               MCAL/TIMER_program.o
TIMER0_CMP_ptr      0x2               MCAL/TIMER_program.o
SFIOR_bits          0x1               MCAL/ADC_program.o

Discarded input sections

 .data          0x00000000        0x0 C:/Program Files (x86)/Atmel/Studio/7.0/Packs/atmel/ATmega_DFP/1.7.374/gcc/dev/atmega32/avr5/crtatmega32.o
 .bss           0x00000000        0x0 C:/Program Files (x86)/Atmel/Studio/7.0/Packs/atmel/ATmega_DFP/1.7.374/gcc/dev/atmega32/avr5/crtatmega32.o
 .text          0x00000000        0x0 APP/main.o
 .data          0x00000000        0x0 APP/main.o
 .bss           0x00000000        0x0 APP/main.o
 .text          0x00000000        0x0 HAL/LCD_program.o
 .data          0x00000000        0x0 HAL/LCD_program.o
 .bss           0x00000000        0x0 HAL/LCD_program.o
 .text.LCD_displayStringRowColumn
                0x00000000       0x16 HAL/LCD_program.o
 .text.LCD_clearScreen
                0x00000000        0x8 HAL/LCD_program.o
 .text          0x00000000        0x0 HAL/LED_program.o
 .data          0x00000000        0x0 HAL/LED_program.o
 .bss           0x00000000        0x0 HAL/LED_program.o
 .text.LED_TOGGLE
                0x00000000        0x6 HAL/LED_program.o
 .text.LED_BLINK
                0x00000000       0x42 HAL/LED_program.o
 .text          0x00000000        0x0 HAL/MOTOR_program.o
 .data          0x00000000        0x0 HAL/MOTOR_program.o
 .bss           0x00000000        0x0 HAL/MOTOR_program.o
 .text          0x00000000        0x0 HAL/PUSHBUTTON_program.o
 .data          0x00000000        0x0 HAL/PUSHBUTTON_program.o
 .bss           0x00000000        0x0 HAL/PUSHBUTTON_program.o
 .text.buttonIsPressed
                0x00000000       0x52 HAL/PUSHBUTTON_program.o
 .debug_info    0x00000000      0x1c6 HAL/PUSHBUTTON_program.o
 .debug_abbrev  0x00000000      0x102 HAL/PUSHBUTTON_program.o
 .debug_loc     0x00000000       0xcf HAL/PUSHBUTTON_program.o
 .debug_aranges
                0x00000000       0x20 HAL/PUSHBUTTON_program.o
 .debug_ranges  0x00000000       0x10 HAL/PUSHBUTTON_program.o
 .debug_line    0x00000000      0x194 HAL/PUSHBUTTON_program.o
 .debug_str     0x00000000      0x232 HAL/PUSHBUTTON_program.o
 .comment       0x00000000       0x31 HAL/PUSHBUTTON_program.o
 .debug_frame   0x00000000       0x30 HAL/PUSHBUTTON_program.o
 .text          0x00000000        0x0 MCAL/ADC_program.o
 .data          0x00000000        0x0 MCAL/ADC_program.o
 .bss           0x00000000        0x0 MCAL/ADC_program.o
 .text.ADC_init
                0x00000000       0x56 MCAL/ADC_program.o
 .text.ADC_readChannel
                0x00000000       0x2a MCAL/ADC_program.o
 COMMON         0x00000000        0x2 MCAL/ADC_program.o
 .text          0x00000000        0x0 MCAL/DIO_program.o
 .data          0x00000000        0x0 MCAL/DIO_program.o
 .bss           0x00000000        0x0 MCAL/DIO_program.o
 .text.DIO_voidSetPortDirection
                0x00000000       0x20 MCAL/DIO_program.o
 .text.DIO_voidSetPortValue
                0x00000000       0x20 MCAL/DIO_program.o
 .text.DIO_voidGetPortValue
                0x00000000       0x24 MCAL/DIO_program.o
 .text.DIO_TogglePin
                0x00000000       0x68 MCAL/DIO_program.o
 .text          0x00000000        0x0 MCAL/EXT_program.o
 .data          0x00000000        0x0 MCAL/EXT_program.o
 .bss           0x00000000        0x0 MCAL/EXT_program.o
 .text          0x00000000        0x0 MCAL/GIE_program.o
 .data          0x00000000        0x0 MCAL/GIE_program.o
 .bss           0x00000000        0x0 MCAL/GIE_program.o
 .text.GIE_disable
                0x00000000        0x8 MCAL/GIE_program.o
 .text          0x00000000        0x0 MCAL/SPI_program.o
 .data          0x00000000        0x0 MCAL/SPI_program.o
 .bss           0x00000000        0x0 MCAL/SPI_program.o
 .text.SPI_receive
                0x00000000        0xc MCAL/SPI_program.o
 .text          0x00000000        0x0 MCAL/TIMER_program.o
 .data          0x00000000        0x0 MCAL/TIMER_program.o
 .bss           0x00000000        0x0 MCAL/TIMER_program.o
 .text.TIMER0_init
                0x00000000       0x2e MCAL/TIMER_program.o
 .text.set_TCNT
                0x00000000        0x4 MCAL/TIMER_program.o
 .text.TIMER0_callback
                0x00000000       0x1e MCAL/TIMER_program.o
 .text.TIMER0_deinit
                0x00000000       0x14 MCAL/TIMER_program.o
 .text.delay    0x00000000      0x110 MCAL/TIMER_program.o
 .text          0x00000000        0x0 MCAL/UART_program.o
 .data          0x00000000        0x0 MCAL/UART_program.o
 .bss           0x00000000        0x0 MCAL/UART_program.o
 .text.UART_receive
                0x00000000       0x12 MCAL/UART_program.o
 .text          0x00000000        0x0 c:/program files (x86)/atmel/studio/7.0/toolchain/avr8/avr8-gnu-toolchain/bin/../lib/gcc/avr/5.4.0/avr5\libgcc.a(_udivmodsi4.o)
 .data          0x00000000        0x0 c:/program files (x86)/atmel/studio/7.0/toolchain/avr8/avr8-gnu-toolchain/bin/../lib/gcc/avr/5.4.0/avr5\libgcc.a(_udivmodsi4.o)
 .bss           0x00000000        0x0 c:/program files (x86)/atmel/studio/7.0/toolchain/avr8/avr8-gnu-toolchain/bin/../lib/gcc/avr/5.4.0/avr5\libgcc.a(_udivmodsi4.o)
 .text.libgcc.mul
                0x00000000        0x0 c:/program files (x86)/atmel/studio/7.0/toolchain/avr8/avr8-gnu-toolchain/bin/../lib/gcc/avr/5.4.0/avr5\libgcc.a(_udivmodsi4.o)
 .text.libgcc   0x00000000        0x0 c:/program files (x86)/atmel/studio/7.0/toolchain/avr8/avr8-gnu-toolchain/bin/../lib/gcc/avr/5.4.0/avr5\libgcc.a(_udivmodsi4.o)
 .text.libgcc.prologue
                0x00000000        0x0 c:/program files (x86)/atmel/studio/7.0/toolchain/avr8/avr8-gnu-toolchain/bin/../lib/gcc/avr/5.4.0/avr5\libgcc.a(_udivmodsi4.o)
 .text.libgcc.builtins
                0x00000000        0x0 c:/program files (x86)/atmel/studio/7.0/toolchain/avr8/avr8-gnu-toolchain/bin/../lib/gcc/avr/5.4.0/avr5\libgcc.a(_udivmodsi4.o)
 .text.libgcc.fmul
                0x00000000        0x0 c:/program files (x86)/atmel/studio/7.0/toolchain/avr8/avr8-gnu-toolchain/bin/../lib/gcc/avr/5.4.0/avr5\libgcc.a(_udivmodsi4.o)
 .text.libgcc.fixed
                0x00000000        0x0 c:/program files (x86)/atmel/studio/7.0/toolchain/avr8/avr8-gnu-toolchain/bin/../lib/gcc/avr/5.4.0/avr5\libgcc.a(_udivmodsi4.o)
 .text          0x00000000        0x0 c:/program files (x86)/atmel/studio/7.0/toolchain/avr8/avr8-gnu-toolchain/bin/../lib/gcc/avr/5.4.0/avr5\libgcc.a(_exit.o)
 .data          0x00000000        0x0 c:/program files (x86)/atmel/studio/7.0/toolchain/avr8/avr8-gnu-toolchain/bin/../lib/gcc/avr/5.4.0/avr5\libgcc.a(_exit.o)
 .bss           0x00000000        0x0 c:/program files (x86)/atmel/studio/7.0/toolchain/avr8/avr8-gnu-toolchain/bin/../lib/gcc/avr/5.4.0/avr5\libgcc.a(_exit.o)
 .text.libgcc.mul
                0x00000000        0x0 c:/program files (x86)/atmel/studio/7.0/toolchain/avr8/avr8-gnu-toolchain/bin/../lib/gcc/avr/5.4.0/avr5\libgcc.a(_exit.o)
 .text.libgcc.div
                0x00000000        0x0 c:/program files (x86)/atmel/studio/7.0/toolchain/avr8/avr8-gnu-toolchain/bin/../lib/gcc/avr/5.4.0/avr5\libgcc.a(_exit.o)
 .text.libgcc   0x00000000        0x0 c:/program files (x86)/atmel/studio/7.0/toolchain/avr8/avr8-gnu-toolchain/bin/../lib/gcc/avr/5.4.0/avr5\libgcc.a(_exit.o)
 .text.libgcc.prologue
                0x00000000        0x0 c:/program files (x86)/atmel/studio/7.0/toolchain/avr8/avr8-gnu-toolchain/bin/../lib/gcc/avr/5.4.0/avr5\libgcc.a(_exit.o)
 .text.libgcc.builtins
                0x00000000        0x0 c:/program files (x86)/atmel/studio/7.0/toolchain/avr8/avr8-gnu-toolchain/bin/../lib/gcc/avr/5.4.0/avr5\libgcc.a(_exit.o)
 .text.libgcc.fmul
                0x00000000        0x0 c:/program files (x86)/atmel/studio/7.0/toolchain/avr8/avr8-gnu-toolchain/bin/../lib/gcc/avr/5.4.0/avr5\libgcc.a(_exit.o)
 .text.libgcc.fixed
                0x00000000        0x0 c:/program files (x86)/atmel/studio/7.0/toolchain/avr8/avr8-gnu-toolchain/bin/../lib/gcc/avr/5.4.0/avr5\libgcc.a(_exit.o)
 .text          0x00000000        0x0 c:/program files (x86)/atmel/studio/7.0/toolchain/avr8/avr8-gnu-toolchain/bin/../lib/gcc/avr/5.4.0/avr5\libgcc.a(_copy_data.o)
 .data          0x00000000        0x0 c:/program files (x86)/atmel/studio/7.0/toolchain/avr8/avr8-gnu-toolchain/bin/../lib/gcc/avr/5.4.0/avr5\libgcc.a(_copy_data.o)
 .bss           0x00000000        0x0 c:/program files (x86)/atmel/studio/7.0/toolchain/avr8/avr8-gnu-toolchain/bin/../lib/gcc/avr/5.4.0/avr5\libgcc.a(_copy_data.o)
 .text.libgcc.mul
                0x00000000        0x0 c:/program files (x86)/atmel/studio/7.0/toolchain/avr8/avr8-gnu-toolchain/bin/../lib/gcc/avr/5.4.0/avr5\libgcc.a(_copy_data.o)
 .text.libgcc.div
                0x00000000        0x0 c:/program files (x86)/atmel/studio/7.0/toolchain/avr8/avr8-gnu-toolchain/bin/../lib/gcc/avr/5.4.0/avr5\libgcc.a(_copy_data.o)
 .text.libgcc   0x00000000        0x0 c:/program files (x86)/atmel/studio/7.0/toolchain/avr8/avr8-gnu-toolchain/bin/../lib/gcc/avr/5.4.0/avr5\libgcc.a(_copy_data.o)
 .text.libgcc.prologue
                0x00000000        0x0 c:/program files (x86)/atmel/studio/7.0/toolchain/avr8/avr8-gnu-toolchain/bin/../lib/gcc/avr/5.4.0/avr5\libgcc.a(_copy_data.o)
 .text.libgcc.builtins
                0x00000000        0x0 c:/program files (x86)/atmel/studio/7.0/toolchain/avr8/avr8-gnu-toolchain/bin/../lib/gcc/avr/5.4.0/avr5\libgcc.a(_copy_data.o)
 .text.libgcc.fmul
                0x00000000        0x0 c:/program files (x86)/atmel/studio/7.0/toolchain/avr8/avr8-gnu-toolchain/bin/../lib/gcc/avr/5.4.0/avr5\libgcc.a(_copy_data.o)
 .text.libgcc.fixed
                0x00000000        0x0 c:/program files (x86)/atmel/studio/7.0/toolchain/avr8/avr8-gnu-toolchain/bin/../lib/gcc/avr/5.4.0/avr5\libgcc.a(_copy_data.o)
 .text          0x00000000        0x0 c:/program files (x86)/atmel/studio/7.0/toolchain/avr8/avr8-gnu-toolchain/bin/../lib/gcc/avr/5.4.0/avr5\libgcc.a(_clear_bss.o)
 .data          0x00000000        0x0 c:/program files (x86)/atmel/studio/7.0/toolchain/avr8/avr8-gnu-toolchain/bin/../lib/gcc/avr/5.4.0/avr5\libgcc.a(_clear_bss.o)
 .bss           0x00000000        0x0 c:/program files (x86)/atmel/studio/7.0/toolchain/avr8/avr8-gnu-toolchain/bin/../lib/gcc/avr/5.4.0/avr5\libgcc.a(_clear_bss.o)
 .text.libgcc.mul
                0x00000000        0x0 c:/program files (x86)/atmel/studio/7.0/toolchain/avr8/avr8-gnu-toolchain/bin/../lib/gcc/avr/5.4.0/avr5\libgcc.a(_clear_bss.o)
 .text.libgcc.div
                0x00000000        0x0 c:/program files (x86)/atmel/studio/7.0/toolchain/avr8/avr8-gnu-toolchain/bin/../lib/gcc/avr/5.4.0/avr5\libgcc.a(_clear_bss.o)
 .text.libgcc   0x00000000        0x0 c:/program files (x86)/atmel/studio/7.0/toolchain/avr8/avr8-gnu-toolchain/bin/../lib/gcc/avr/5.4.0/avr5\libgcc.a(_clear_bss.o)
 .text.libgcc.prologue
                0x00000000        0x0 c:/program files (x86)/atmel/studio/7.0/toolchain/avr8/avr8-gnu-toolchain/bin/../lib/gcc/avr/5.4.0/avr5\libgcc.a(_clear_bss.o)
 .text.libgcc.builtins
                0x00000000        0x0 c:/program files (x86)/atmel/studio/7.0/toolchain/avr8/avr8-gnu-toolchain/bin/../lib/gcc/avr/5.4.0/avr5\libgcc.a(_clear_bss.o)
 .text.libgcc.fmul
                0x00000000        0x0 c:/program files (x86)/atmel/studio/7.0/toolchain/avr8/avr8-gnu-toolchain/bin/../lib/gcc/avr/5.4.0/avr5\libgcc.a(_clear_bss.o)
 .text.libgcc.fixed
                0x00000000        0x0 c:/program files (x86)/atmel/studio/7.0/toolchain/avr8/avr8-gnu-toolchain/bin/../lib/gcc/avr/5.4.0/avr5\libgcc.a(_clear_bss.o)
 .text          0x00000000        0x0 c:/program files (x86)/atmel/studio/7.0/toolchain/avr8/avr8-gnu-toolchain/bin/../lib/gcc/avr/5.4.0/avr5\libgcc.a(_umulhisi3.o)
 .data          0x00000000        0x0 c:/program files (x86)/atmel/studio/7.0/toolchain/avr8/avr8-gnu-toolchain/bin/../lib/gcc/avr/5.4.0/avr5\libgcc.a(_umulhisi3.o)
 .bss           0x00000000        0x0 c:/program files (x86)/atmel/studio/7.0/toolchain/avr8/avr8-gnu-toolchain/bin/../lib/gcc/avr/5.4.0/avr5\libgcc.a(_umulhisi3.o)
 .text.libgcc.div
                0x00000000        0x0 c:/program files (x86)/atmel/studio/7.0/toolchain/avr8/avr8-gnu-toolchain/bin/../lib/gcc/avr/5.4.0/avr5\libgcc.a(_umulhisi3.o)
 .text.libgcc   0x00000000        0x0 c:/program files (x86)/atmel/studio/7.0/toolchain/avr8/avr8-gnu-toolchain/bin/../lib/gcc/avr/5.4.0/avr5\libgcc.a(_umulhisi3.o)
 .text.libgcc.prologue
                0x00000000        0x0 c:/program files (x86)/atmel/studio/7.0/toolchain/avr8/avr8-gnu-toolchain/bin/../lib/gcc/avr/5.4.0/avr5\libgcc.a(_umulhisi3.o)
 .text.libgcc.builtins
                0x00000000        0x0 c:/program files (x86)/atmel/studio/7.0/toolchain/avr8/avr8-gnu-toolchain/bin/../lib/gcc/avr/5.4.0/avr5\libgcc.a(_umulhisi3.o)
 .text.libgcc.fmul
                0x00000000        0x0 c:/program files (x86)/atmel/studio/7.0/toolchain/avr8/avr8-gnu-toolchain/bin/../lib/gcc/avr/5.4.0/avr5\libgcc.a(_umulhisi3.o)
 .text.libgcc.fixed
                0x00000000        0x0 c:/program files (x86)/atmel/studio/7.0/toolchain/avr8/avr8-gnu-toolchain/bin/../lib/gcc/avr/5.4.0/avr5\libgcc.a(_umulhisi3.o)
 .text          0x00000000        0x0 c:/program files (x86)/atmel/studio/7.0/toolchain/avr8/avr8-gnu-toolchain/bin/../lib/gcc/avr/5.4.0/avr5\libgcc.a(_muluhisi3.o)
 .data          0x00000000        0x0 c:/program files (x86)/atmel/studio/7.0/toolchain/avr8/avr8-gnu-toolchain/bin/../lib/gcc/avr/5.4.0/avr5\libgcc.a(_muluhisi3.o)
 .bss           0x00000000        0x0 c:/program files (x86)/atmel/studio/7.0/toolchain/avr8/avr8-gnu-toolchain/bin/../lib/gcc/avr/5.4.0/avr5\libgcc.a(_muluhisi3.o)
 .text.libgcc.mul
                0x00000000       0x16 c:/program files (x86)/atmel/studio/7.0/toolchain/avr8/avr8-gnu-toolchain/bin/../lib/gcc/avr/5.4.0/avr5\libgcc.a(_muluhisi3.o)
 .text.libgcc.div
                0x00000000        0x0 c:/program files (x86)/atmel/studio/7.0/toolchain/avr8/avr8-gnu-toolchain/bin/../lib/gcc/avr/5.4.0/avr5\libgcc.a(_muluhisi3.o)
 .text.libgcc   0x00000000        0x0 c:/program files (x86)/atmel/studio/7.0/toolchain/avr8/avr8-gnu-toolchain/bin/../lib/gcc/avr/5.4.0/avr5\libgcc.a(_muluhisi3.o)
 .text.libgcc.prologue
                0x00000000        0x0 c:/program files (x86)/atmel/studio/7.0/toolchain/avr8/avr8-gnu-toolchain/bin/../lib/gcc/avr/5.4.0/avr5\libgcc.a(_muluhisi3.o)
 .text.libgcc.builtins
                0x00000000        0x0 c:/program files (x86)/atmel/studio/7.0/toolchain/avr8/avr8-gnu-toolchain/bin/../lib/gcc/avr/5.4.0/avr5\libgcc.a(_muluhisi3.o)
 .text.libgcc.fmul
                0x00000000        0x0 c:/program files (x86)/atmel/studio/7.0/toolchain/avr8/avr8-gnu-toolchain/bin/../lib/gcc/avr/5.4.0/avr5\libgcc.a(_muluhisi3.o)
 .text.libgcc.fixed
                0x00000000        0x0 c:/program files (x86)/atmel/studio/7.0/toolchain/avr8/avr8-gnu-toolchain/bin/../lib/gcc/avr/5.4.0/avr5\libgcc.a(_muluhisi3.o)
 .text          0x00000000        0x0 c:/program files (x86)/atmel/studio/7.0/toolchain/avr8/avr8-gnu-toolchain/bin/../lib/gcc/avr/5.4.0/../../../../avr/lib/avr5\libc.a(itoa.o)
 .data          0x00000000        0x0 c:/program files (x86)/atmel/studio/7.0/toolchain/avr8/avr8-gnu-toolchain/bin/../lib/gcc/avr/5.4.0/../../../../avr/lib/avr5\libc.a(itoa.o)
 .bss           0x00000000        0x0 c:/program files (x86)/atmel/studio/7.0/toolchain/avr8/avr8-gnu-toolchain/bin/../lib/gcc/avr/5.4.0/../../../../avr/lib/avr5\libc.a(itoa.o)
 .text          0x00000000        0x0 c:/program files (x86)/atmel/studio/7.0/toolchain/avr8/avr8-gnu-toolchain/bin/../lib/gcc/avr/5.4.0/../../../../avr/lib/avr5\libc.a(itoa_ncheck.o)
 .data          0x00000000        0x0 c:/program files (x86)/atmel/studio/7.0/toolchain/avr8/avr8-gnu-toolchain/bin/../lib/gcc/avr/5.4.0/../../../../avr/lib/avr5\libc.a(itoa_ncheck.o)
 .bss           0x00000000        0x0 c:/program files (x86)/atmel/studio/7.0/toolchain/avr8/avr8-gnu-toolchain/bin/../lib/gcc/avr/5.4.0/../../../../avr/lib/avr5\libc.a(itoa_ncheck.o)
 .text          0x00000000        0x0 c:/program files (x86)/atmel/studio/7.0/toolchain/avr8/avr8-gnu-toolchain/bin/../lib/gcc/avr/5.4.0/../../../../avr/lib/avr5\libc.a(utoa_ncheck.o)
 .data          0x00000000        0x0 c:/program files (x86)/atmel/studio/7.0/toolchain/avr8/avr8-gnu-toolchain/bin/../lib/gcc/avr/5.4.0/../../../../avr/lib/avr5\libc.a(utoa_ncheck.o)
 .bss           0x00000000        0x0 c:/program files (x86)/atmel/studio/7.0/toolchain/avr8/avr8-gnu-toolchain/bin/../lib/gcc/avr/5.4.0/../../../../avr/lib/avr5\libc.a(utoa_ncheck.o)
 .text          0x00000000        0x0 c:/program files (x86)/atmel/studio/7.0/toolchain/avr8/avr8-gnu-toolchain/bin/../lib/gcc/avr/5.4.0/../../../../avr/lib/avr5\libc.a(strrev.o)
 .data          0x00000000        0x0 c:/program files (x86)/atmel/studio/7.0/toolchain/avr8/avr8-gnu-toolchain/bin/../lib/gcc/avr/5.4.0/../../../../avr/lib/avr5\libc.a(strrev.o)
 .bss           0x00000000        0x0 c:/program files (x86)/atmel/studio/7.0/toolchain/avr8/avr8-gnu-toolchain/bin/../lib/gcc/avr/5.4.0/../../../../avr/lib/avr5\libc.a(strrev.o)

Memory Configuration

Name             Origin             Length             Attributes
text             0x00000000         0x00008000         xr
data             0x00800060         0x00000800         rw !x
eeprom           0x00810000         0x00000400         rw !x
fuse             0x00820000         0x00000002         rw !x
lock             0x00830000         0x00000400         rw !x
signature        0x00840000         0x00000400         rw !x
user_signatures  0x00850000         0x00000400         rw !x
*default*        0x00000000         0xffffffff

Linker script and memory map

LOAD C:/Program Files (x86)/Atmel/Studio/7.0/Packs/atmel/ATmega_DFP/1.7.374/gcc/dev/atmega32/avr5/crtatmega32.o
LOAD APP/main.o
LOAD HAL/LCD_program.o
LOAD HAL/LED_program.o
LOAD HAL/MOTOR_program.o
LOAD HAL/PUSHBUTTON_program.o
LOAD MCAL/ADC_program.o
LOAD MCAL/DIO_program.o
LOAD MCAL/EXT_program.o
LOAD MCAL/GIE_program.o
LOAD MCAL/SPI_program.o
LOAD MCAL/TIMER_program.o
LOAD MCAL/UART_program.o
START GROUP
LOAD c:/program files (x86)/atmel/studio/7.0/toolchain/avr8/avr8-gnu-toolchain/bin/../lib/gcc/avr/5.4.0/../../../../avr/lib/avr5\libm.a
END GROUP
START GROUP
LOAD c:/program files (x86)/atmel/studio/7.0/toolchain/avr8/avr8-gnu-toolchain/bin/../lib/gcc/avr/5.4.0/avr5\libgcc.a
LOAD c:/program files (x86)/atmel/studio/7.0/toolchain/avr8/avr8-gnu-toolchain/bin/../lib/gcc/avr/5.4.0/../../../../avr/lib/avr5\libm.a
LOAD c:/program files (x86)/atmel/studio/7.0/toolchain/avr8/avr8-gnu-toolchain/bin/../lib/gcc/avr/5.4.0/../../../../avr/lib/avr5\libc.a
LOAD C:/Program Files (x86)/Atmel/Studio/7.0/Packs/atmel/ATmega_DFP/1.7.374/gcc/dev/atmega32/avr5\libatmega32.a
END GROUP
                0x00000000                __TEXT_REGION_ORIGIN__ = DEFINED (__TEXT_REGION_ORIGIN__)?__TEXT_REGION_ORIGIN__:0x0
                [0x00800060]                __DATA_REGION_ORIGIN__ = DEFINED (__DATA_REGION_ORIGIN__)?__DATA_REGION_ORIGIN__:0x800060
                [0x00008000]                __TEXT_REGION_LENGTH__ = DEFINED (__TEXT_REGION_LENGTH__)?__TEXT_REGION_LENGTH__:0x20000
                [0x00000800]                __DATA_REGION_LENGTH__ = DEFINED (__DATA_REGION_LENGTH__)?__DATA_REGION_LENGTH__:0xffa0
                [0x00000400]                __EEPROM_REGION_LENGTH__ = DEFINED (__EEPROM_REGION_LENGTH__)?__EEPROM_REGION_LENGTH__:0x10000
                [0x00000002]                __FUSE_REGION_LENGTH__ = DEFINED (__FUSE_REGION_LENGTH__)?__FUSE_REGION_LENGTH__:0x400
                0x00000400                __LOCK_REGION_LENGTH__ = DEFINED (__LOCK_REGION_LENGTH__)?__LOCK_REGION_LENGTH__:0x400
                0x00000400                __SIGNATURE_REGION_LENGTH__ = DEFINED (__SIGNATURE_REGION_LENGTH__)?__SIGNATURE_REGION_LENGTH__:0x400
                0x00000400                __USER_SIGNATURE_REGION_LENGTH__ = DEFINED (__USER_SIGNATURE_REGION_LENGTH__)?__USER_SIGNATURE_REGION_LENGTH__:0x400

.hash
 *(.hash)

.dynsym
 *(.dynsym)

.dynstr
 *(.dynstr)

.gnu.version
 *(.gnu.version)

.gnu.version_d
 *(.gnu.version_d)

.gnu.version_r
 *(.gnu.version_r)

.rel.init
 *(.rel.init)

.rela.init
 *(.rela.init)

.rel.text
 *(.rel.text)
 *(.rel.text.*)
 *(.rel.gnu.linkonce.t*)

.rela.text
 *(.rela.text)
 *(.rela.text.*)
 *(.rela.gnu.linkonce.t*)

.rel.fini
 *(.rel.fini)

.rela.fini
 *(.rela.fini)

.rel.rodata
 *(.rel.rodata)
 *(.rel.rodata.*)
 *(.rel.gnu.linkonce.r*)

.rela.rodata
 *(.rela.rodata)
 *(.rela.rodata.*)
 *(.rela.gnu.linkonce.r*)

.rel.data
 *(.rel.data)
 *(.rel.data.*)
 *(.rel.gnu.linkonce.d*)

.rela.data
 *(.rela.data)
 *(.rela.data.*)
 *(.rela.gnu.linkonce.d*)

.rel.ctors
 *(.rel.ctors)

.rela.ctors
 *(.rela.ctors)

.rel.dtors
 *(.rel.dtors)

.rela.dtors
 *(.rela.dtors)

.rel.got
 *(.rel.got)

.rela.got
 *(.rela.got)

.rel.bss
 *(.rel.bss)

.rela.bss
 *(.rela.bss)

.rel.plt
 *(.rel.plt)

.rela.plt
 *(.rela.plt)

.text           0x00000000      0xef0
 *(.vectors)
 .vectors       0x00000000       0x54 C:/Program Files (x86)/Atmel/Studio/7.0/Packs/atmel/ATmega_DFP/1.7.374/gcc/dev/atmega32/avr5/crtatmega32.o
                0x00000000                __vector_default
                0x00000000                __vectors
 *(.vectors)
 *(.progmem.gcc*)
                0x00000054                . = ALIGN (0x2)
                0x00000054                __trampolines_start = .
 *(.trampolines)
 .trampolines   0x00000054        0x0 linker stubs
 *(.trampolines*)
                0x00000054                __trampolines_end = .
 *libprintf_flt.a:*(.progmem.data)
 *libc.a:*(.progmem.data)
 *(.progmem*)
                0x00000054                . = ALIGN (0x2)
 *(.jumptables)
 *(.jumptables*)
 *(.lowtext)
 *(.lowtext*)
                0x00000054                __ctors_start = .
 *(.ctors)
                0x00000054                __ctors_end = .
                0x00000054                __dtors_start = .
 *(.dtors)
                0x00000054                __dtors_end = .
 SORT(*)(.ctors)
 SORT(*)(.dtors)
 *(.init0)
 .init0         0x00000054        0x0 C:/Program Files (x86)/Atmel/Studio/7.0/Packs/atmel/ATmega_DFP/1.7.374/gcc/dev/atmega32/avr5/crtatmega32.o
                0x00000054                __init
 *(.init0)
 *(.init1)
 *(.init1)
 *(.init2)
 .init2         0x00000054        0xc C:/Program Files (x86)/Atmel/Studio/7.0/Packs/atmel/ATmega_DFP/1.7.374/gcc/dev/atmega32/avr5/crtatmega32.o
 *(.init2)
 *(.init3)
 *(.init3)
 *(.init4)
 .init4         0x00000060       0x16 c:/program files (x86)/atmel/studio/7.0/toolchain/avr8/avr8-gnu-toolchain/bin/../lib/gcc/avr/5.4.0/avr5\libgcc.a(_copy_data.o)
                0x00000060                __do_copy_data
 .init4         0x00000076       0x10 c:/program files (x86)/atmel/studio/7.0/toolchain/avr8/avr8-gnu-toolchain/bin/../lib/gcc/avr/5.4.0/avr5\libgcc.a(_clear_bss.o)
                0x00000076                __do_clear_bss
 *(.init4)
 *(.init5)
 *(.init5)
 *(.init6)
 *(.init6)
 *(.init7)
 *(.init7)
 *(.init8)
 *(.init8)
 *(.init9)
 .init9         0x00000086        0x8 C:/Program Files (x86)/Atmel/Studio/7.0/Packs/atmel/ATmega_DFP/1.7.374/gcc/dev/atmega32/avr5/crtatmega32.o
 *(.init9)
 *(.text)
 .text          0x0000008e        0x4 C:/Program Files (x86)/Atmel/Studio/7.0/Packs/atmel/ATmega_DFP/1.7.374/gcc/dev/atmega32/avr5/crtatmega32.o
                0x0000008e                __vector_12
                0x0000008e                __bad_interrupt
                0x0000008e                __vector_6
                0x0000008e                __vector_17
                0x0000008e                __vector_19
                0x0000008e                __vector_7
                0x0000008e                __vector_5
                0x0000008e                __vector_4
                0x0000008e                __vector_9
                0x0000008e                __vector_15
                0x0000008e                __vector_8
                0x0000008e                __vector_14
                0x0000008e                __vector_16
                0x0000008e                __vector_18
                0x0000008e                __vector_20
                0x00000092                . = ALIGN (0x2)
 *(.text.*)
 .text.receiveISR
                0x00000092       0x48 APP/main.o
                0x00000092                receiveISR
 .text.LM_ON    0x000000da       0x54 APP/main.o
                0x000000da                LM_ON
 .text.DATA_SAVING
                0x0000012e       0x2a APP/main.o
                0x0000012e                DATA_SAVING
 .text.main     0x00000158      0x202 APP/main.o
                0x00000158                main
 .text.LCD_sendCommand
                0x0000035a      0x14a HAL/LCD_program.o
                0x0000035a                LCD_sendCommand
 .text.LCD_init
                0x000004a4       0x74 HAL/LCD_program.o
                0x000004a4                LCD_init
 .text.LCD_displayCharacter
                0x00000518      0x14a HAL/LCD_program.o
                0x00000518                LCD_displayCharacter
 .text.LCD_displayString
                0x00000662       0x1a HAL/LCD_program.o
                0x00000662                LCD_displayString
 .text.LCD_moveCursor
                0x0000067c       0x2e HAL/LCD_program.o
                0x0000067c                LCD_moveCursor
 .text.LCD_intgerToString
                0x000006aa       0x3c HAL/LCD_program.o
                0x000006aa                LCD_intgerToString
 .text.LED_init
                0x000006e6        0x8 HAL/LED_program.o
                0x000006e6                LED_init
 .text.LED_ON   0x000006ee        0x8 HAL/LED_program.o
                0x000006ee                LED_ON
 .text.LED_OFF  0x000006f6        0x8 HAL/LED_program.o
                0x000006f6                LED_OFF
 .text.DcMotor_init
                0x000006fe       0x2a HAL/MOTOR_program.o
                0x000006fe                DcMotor_init
 .text.DcMotor_Rotate
                0x00000728       0x56 HAL/MOTOR_program.o
                0x00000728                DcMotor_Rotate
 .text.ADC_autotrigger_init
                0x0000077e       0x5c MCAL/ADC_program.o
                0x0000077e                ADC_autotrigger_init
 .text.ADC_autotrigger_readChannel
                0x000007da       0x24 MCAL/ADC_program.o
                0x000007da                ADC_autotrigger_readChannel
 .text.DIO_voidSetPinDirection
                0x000007fe       0xda MCAL/DIO_program.o
                0x000007fe                DIO_voidSetPinDirection
 .text.DIO_voidSetPinValue
                0x000008d8       0xda MCAL/DIO_program.o
                0x000008d8                DIO_voidSetPinValue
 .text.DIO_voidGetPinValue
                0x000009b2       0x7c MCAL/DIO_program.o
                0x000009b2                DIO_voidGetPinValue
 .text.EXT_init
                0x00000a2e       0xee MCAL/EXT_program.o
                0x00000a2e                EXT_init
 .text.EXT_callback
                0x00000b1c       0x2a MCAL/EXT_program.o
                0x00000b1c                EXT_callback
 .text.__vector_1
                0x00000b46       0x4e MCAL/EXT_program.o
                0x00000b46                __vector_1
 .text.__vector_2
                0x00000b94       0x4e MCAL/EXT_program.o
                0x00000b94                __vector_2
 .text.__vector_3
                0x00000be2       0x4e MCAL/EXT_program.o
                0x00000be2                __vector_3
 .text.GIE_enable
                0x00000c30        0x8 MCAL/GIE_program.o
                0x00000c30                GIE_enable
 .text.SPI_init
                0x00000c38       0x54 MCAL/SPI_program.o
                0x00000c38                SPI_init
 .text.SPI_send
                0x00000c8c        0x4 MCAL/SPI_program.o
                0x00000c8c                SPI_send
 .text.TIMER0_PWM_init
                0x00000c90       0x2e MCAL/TIMER_program.o
                0x00000c90                TIMER0_PWM_init
 .text.set_OCR  0x00000cbe        0x4 MCAL/TIMER_program.o
                0x00000cbe                set_OCR
 .text.__vector_11
                0x00000cc2       0x4e MCAL/TIMER_program.o
                0x00000cc2                __vector_11
 .text.__vector_10
                0x00000d10       0x4e MCAL/TIMER_program.o
                0x00000d10                __vector_10
 .text.UART_init
                0x00000d5e       0x3e MCAL/UART_program.o
                0x00000d5e                UART_init
 .text.UART_transmit
                0x00000d9c        0xe MCAL/UART_program.o
                0x00000d9c                UART_transmit
 .text.UART_INT_receive
                0x00000daa        0x8 MCAL/UART_program.o
                0x00000daa                UART_INT_receive
 .text.UART_callback
                0x00000db2        0xa MCAL/UART_program.o
                0x00000db2                UART_callback
 .text.__vector_13
                0x00000dbc       0x4e MCAL/UART_program.o
                0x00000dbc                __vector_13
 .text.libgcc.div
                0x00000e0a       0x44 c:/program files (x86)/atmel/studio/7.0/toolchain/avr8/avr8-gnu-toolchain/bin/../lib/gcc/avr/5.4.0/avr5\libgcc.a(_udivmodsi4.o)
                0x00000e0a                __udivmodsi4
 .text.libgcc.mul
                0x00000e4e       0x1e c:/program files (x86)/atmel/studio/7.0/toolchain/avr8/avr8-gnu-toolchain/bin/../lib/gcc/avr/5.4.0/avr5\libgcc.a(_umulhisi3.o)
                0x00000e4e                __umulhisi3
 .text.avr-libc
                0x00000e6c       0x16 c:/program files (x86)/atmel/studio/7.0/toolchain/avr8/avr8-gnu-toolchain/bin/../lib/gcc/avr/5.4.0/../../../../avr/lib/avr5\libc.a(itoa.o)
                0x00000e6c                __itoa
                0x00000e6c                itoa
 .text.avr-libc
                0x00000e82       0x16 c:/program files (x86)/atmel/studio/7.0/toolchain/avr8/avr8-gnu-toolchain/bin/../lib/gcc/avr/5.4.0/../../../../avr/lib/avr5\libc.a(itoa_ncheck.o)
                0x00000e82                __itoa_ncheck
 .text.avr-libc
                0x00000e98       0x34 c:/program files (x86)/atmel/studio/7.0/toolchain/avr8/avr8-gnu-toolchain/bin/../lib/gcc/avr/5.4.0/../../../../avr/lib/avr5\libc.a(utoa_ncheck.o)
                0x00000e98                __utoa_ncheck
                0x00000e9a                __utoa_common
 .text.avr-libc
                0x00000ecc       0x20 c:/program files (x86)/atmel/studio/7.0/toolchain/avr8/avr8-gnu-toolchain/bin/../lib/gcc/avr/5.4.0/../../../../avr/lib/avr5\libc.a(strrev.o)
                0x00000ecc                strrev
                0x00000eec                . = ALIGN (0x2)
 *(.fini9)
 .fini9         0x00000eec        0x0 c:/program files (x86)/atmel/studio/7.0/toolchain/avr8/avr8-gnu-toolchain/bin/../lib/gcc/avr/5.4.0/avr5\libgcc.a(_exit.o)
                0x00000eec                _exit
                0x00000eec                exit
 *(.fini9)
 *(.fini8)
 *(.fini8)
 *(.fini7)
 *(.fini7)
 *(.fini6)
 *(.fini6)
 *(.fini5)
 *(.fini5)
 *(.fini4)
 *(.fini4)
 *(.fini3)
 *(.fini3)
 *(.fini2)
 *(.fini2)
 *(.fini1)
 *(.fini1)
 *(.fini0)
 .fini0         0x00000eec        0x4 c:/program files (x86)/atmel/studio/7.0/toolchain/avr8/avr8-gnu-toolchain/bin/../lib/gcc/avr/5.4.0/avr5\libgcc.a(_exit.o)
 *(.fini0)
                0x00000ef0                _etext = .

.data           0x00800060       0x36 load address 0x00000ef0
                0x00800060                PROVIDE (__data_start, .)
 *(.data)
 *(.data*)
 *(.gnu.linkonce.d*)
 *(.rodata)
 *(.rodata*)
 .rodata.str1.1
                0x00800060       0x35 APP/main.o
 *(.gnu.linkonce.r*)
                0x00800096                . = ALIGN (0x2)
 *fill*         0x00800095        0x1 
                0x00800096                _edata = .
                0x00800096                PROVIDE (__data_end, .)

.bss            0x00800096       0x13
                0x00800096                PROVIDE (__bss_start, .)
 *(.bss)
 *(.bss*)
 .bss.data_arr  0x00800096        0x3 APP/main.o
                0x00800096                data_arr
 .bss.tempValue
                0x00800099        0x2 APP/main.o
                0x00800099                tempValue
 .bss.ptr1      0x0080009b        0x2 APP/main.o
                0x0080009b                ptr1
 *(COMMON)
 COMMON         0x0080009d        0x6 MCAL/EXT_program.o
                0x0080009d                EXT2_ptr
                0x0080009f                EXT1_ptr
                0x008000a1                EXT0_ptr
 COMMON         0x008000a3        0x4 MCAL/TIMER_program.o
                0x008000a3                TIMER0_OVF_ptr
                0x008000a5                TIMER0_CMP_ptr
 COMMON         0x008000a7        0x2 MCAL/UART_program.o
                0x008000a7                UART_ptr
                0x008000a9                PROVIDE (__bss_end, .)
                0x00000ef0                __data_load_start = LOADADDR (.data)
                0x00000f26                __data_load_end = (__data_load_start + SIZEOF (.data))

.noinit         0x008000a9        0x0
                [!provide]                PROVIDE (__noinit_start, .)
 *(.noinit*)
                [!provide]                PROVIDE (__noinit_end, .)
                0x008000a9                _end = .
                [!provide]                PROVIDE (__heap_start, .)

.eeprom         0x00810000        0x0
 *(.eeprom*)
                0x00810000                __eeprom_end = .

.fuse
 *(.fuse)
 *(.lfuse)
 *(.hfuse)
 *(.efuse)

.lock
 *(.lock*)

.signature
 *(.signature*)

.user_signatures
 *(.user_signatures*)

.stab
 *(.stab)

.stabstr
 *(.stabstr)

.stab.excl
 *(.stab.excl)

.stab.exclstr
 *(.stab.exclstr)

.stab.index
 *(.stab.index)

.stab.indexstr
 *(.stab.indexstr)

.comment        0x00000000       0x30
 *(.comment)
 .comment       0x00000000       0x30 APP/main.o
                                 0x31 (size before relaxing)
 .comment       0x00000030       0x31 HAL/LCD_program.o
 .comment       0x00000030       0x31 HAL/LED_program.o
 .comment       0x00000030       0x31 HAL/MOTOR_program.o
 .comment       0x00000030       0x31 MCAL/ADC_program.o
 .comment       0x00000030       0x31 MCAL/DIO_program.o
 .comment       0x00000030       0x31 MCAL/EXT_program.o
 .comment       0x00000030       0x31 MCAL/GIE_program.o
 .comment       0x00000030       0x31 MCAL/SPI_program.o
 .comment       0x00000030       0x31 MCAL/TIMER_program.o
 .comment       0x00000030       0x31 MCAL/UART_program.o

.note.gnu.avr.deviceinfo
                0x00000000       0x3c
 .note.gnu.avr.deviceinfo
                0x00000000       0x3c C:/Program Files (x86)/Atmel/Studio/7.0/Packs/atmel/ATmega_DFP/1.7.374/gcc/dev/atmega32/avr5/crtatmega32.o

.note.gnu.build-id
 *(.note.gnu.build-id)

.debug
 *(.debug)

.line
 *(.line)

.debug_srcinfo
 *(.debug_srcinfo)

.debug_sfnames
 *(.debug_sfnames)

.debug_aranges  0x00000000      0x2c0
 *(.debug_aranges)
 .debug_aranges
                0x00000000       0x38 APP/main.o
 .debug_aranges
                0x00000038       0x58 HAL/LCD_program.o
 .debug_aranges
                0x00000090       0x40 HAL/LED_program.o
 .debug_aranges
                0x000000d0       0x28 HAL/MOTOR_program.o
 .debug_aranges
                0x000000f8       0x38 MCAL/ADC_program.o
 .debug_aranges
                0x00000130       0x50 MCAL/DIO_program.o
 .debug_aranges
                0x00000180       0x40 MCAL/EXT_program.o
 .debug_aranges
                0x000001c0       0x28 MCAL/GIE_program.o
 .debug_aranges
                0x000001e8       0x30 MCAL/SPI_program.o
 .debug_aranges
                0x00000218       0x60 MCAL/TIMER_program.o
 .debug_aranges
                0x00000278       0x48 MCAL/UART_program.o

.debug_pubnames
 *(.debug_pubnames)

.debug_info     0x00000000     0x2e86
 *(.debug_info .gnu.linkonce.wi.*)
 .debug_info    0x00000000      0x4e6 C:/Program Files (x86)/Atmel/Studio/7.0/Packs/atmel/ATmega_DFP/1.7.374/gcc/dev/atmega32/avr5/crtatmega32.o
 .debug_info    0x000004e6      0xa48 APP/main.o
 .debug_info    0x00000f2e      0xad4 HAL/LCD_program.o
 .debug_info    0x00001a02      0x32c HAL/LED_program.o
 .debug_info    0x00001d2e      0x2b0 HAL/MOTOR_program.o
 .debug_info    0x00001fde      0x1ed MCAL/ADC_program.o
 .debug_info    0x000021cb      0x24c MCAL/DIO_program.o
 .debug_info    0x00002417      0x22d MCAL/EXT_program.o
 .debug_info    0x00002644       0xa7 MCAL/GIE_program.o
 .debug_info    0x000026eb      0x22c MCAL/SPI_program.o
 .debug_info    0x00002917      0x2b0 MCAL/TIMER_program.o
 .debug_info    0x00002bc7      0x2bf MCAL/UART_program.o

.debug_abbrev   0x00000000      0xf9b
 *(.debug_abbrev)
 .debug_abbrev  0x00000000      0x4a3 C:/Program Files (x86)/Atmel/Studio/7.0/Packs/atmel/ATmega_DFP/1.7.374/gcc/dev/atmega32/avr5/crtatmega32.o
 .debug_abbrev  0x000004a3      0x1af APP/main.o
 .debug_abbrev  0x00000652      0x1a4 HAL/LCD_program.o
 .debug_abbrev  0x000007f6      0x11a HAL/LED_program.o
 .debug_abbrev  0x00000910       0xc8 HAL/MOTOR_program.o
 .debug_abbrev  0x000009d8       0xb0 MCAL/ADC_program.o
 .debug_abbrev  0x00000a88       0xc1 MCAL/DIO_program.o
 .debug_abbrev  0x00000b49      0x114 MCAL/EXT_program.o
 .debug_abbrev  0x00000c5d       0x46 MCAL/GIE_program.o
 .debug_abbrev  0x00000ca3       0xb7 MCAL/SPI_program.o
 .debug_abbrev  0x00000d5a      0x12f MCAL/TIMER_program.o
 .debug_abbrev  0x00000e89      0x112 MCAL/UART_program.o

.debug_line     0x00000000     0x185b
 *(.debug_line .debug_line.* .debug_line_end)
 .debug_line    0x00000000      0x116 C:/Program Files (x86)/Atmel/Studio/7.0/Packs/atmel/ATmega_DFP/1.7.374/gcc/dev/atmega32/avr5/crtatmega32.o
 .debug_line    0x00000116      0x480 APP/main.o
 .debug_line    0x00000596      0x3e5 HAL/LCD_program.o
 .debug_line    0x0000097b      0x1cf HAL/LED_program.o
 .debug_line    0x00000b4a      0x13e HAL/MOTOR_program.o
 .debug_line    0x00000c88      0x1a4 MCAL/ADC_program.o
 .debug_line    0x00000e2c      0x2b4 MCAL/DIO_program.o
 .debug_line    0x000010e0      0x200 MCAL/EXT_program.o
 .debug_line    0x000012e0       0x89 MCAL/GIE_program.o
 .debug_line    0x00001369      0x111 MCAL/SPI_program.o
 .debug_line    0x0000147a      0x274 MCAL/TIMER_program.o
 .debug_line    0x000016ee      0x16d MCAL/UART_program.o

.debug_frame    0x00000000      0x688
 *(.debug_frame)
 .debug_frame   0x00000000       0x6c APP/main.o
 .debug_frame   0x0000006c       0xcc HAL/LCD_program.o
 .debug_frame   0x00000138       0x70 HAL/LED_program.o
 .debug_frame   0x000001a8       0x3c HAL/MOTOR_program.o
 .debug_frame   0x000001e4       0x54 MCAL/ADC_program.o
 .debug_frame   0x00000238       0x84 MCAL/DIO_program.o
 .debug_frame   0x000002bc      0x144 MCAL/EXT_program.o
 .debug_frame   0x00000400       0x34 MCAL/GIE_program.o
 .debug_frame   0x00000434       0x44 MCAL/SPI_program.o
 .debug_frame   0x00000478      0x154 MCAL/TIMER_program.o
 .debug_frame   0x000005cc       0xbc MCAL/UART_program.o

.debug_str      0x00000000      0xa86
 *(.debug_str)
 .debug_str     0x00000000      0x196 C:/Program Files (x86)/Atmel/Studio/7.0/Packs/atmel/ATmega_DFP/1.7.374/gcc/dev/atmega32/avr5/crtatmega32.o
 .debug_str     0x00000196      0x411 APP/main.o
                                0x445 (size before relaxing)
 .debug_str     0x000005a7       0x8f HAL/LCD_program.o
                                0x337 (size before relaxing)
 .debug_str     0x00000636       0x45 HAL/LED_program.o
                                0x256 (size before relaxing)
 .debug_str     0x0000067b       0x39 HAL/MOTOR_program.o
                                0x26b (size before relaxing)
 .debug_str     0x000006b4       0xb6 MCAL/ADC_program.o
                                0x26a (size before relaxing)
 .debug_str     0x0000076a       0xbb MCAL/DIO_program.o
                                0x2af (size before relaxing)
 .debug_str     0x00000825       0x64 MCAL/EXT_program.o
                                0x272 (size before relaxing)
 .debug_str     0x00000889       0x22 MCAL/GIE_program.o
                                0x1a9 (size before relaxing)
 .debug_str     0x000008ab       0x55 MCAL/SPI_program.o
                                0x265 (size before relaxing)
 .debug_str     0x00000900      0x103 MCAL/TIMER_program.o
                                0x29d (size before relaxing)
 .debug_str     0x00000a03       0x83 MCAL/UART_program.o
                                0x2bf (size before relaxing)

.debug_loc      0x00000000     0x1640
 *(.debug_loc)
 .debug_loc     0x00000000      0x162 APP/main.o
 .debug_loc     0x00000162      0x699 HAL/LCD_program.o
 .debug_loc     0x000007fb      0x21f HAL/LED_program.o
 .debug_loc     0x00000a1a       0x6f HAL/MOTOR_program.o
 .debug_loc     0x00000a89       0x42 MCAL/ADC_program.o
 .debug_loc     0x00000acb      0x3b0 MCAL/DIO_program.o
 .debug_loc     0x00000e7b      0x32e MCAL/EXT_program.o
 .debug_loc     0x000011a9      0x306 MCAL/TIMER_program.o
 .debug_loc     0x000014af      0x191 MCAL/UART_program.o

.debug_macinfo
 *(.debug_macinfo)

.debug_weaknames
 *(.debug_weaknames)

.debug_funcnames
 *(.debug_funcnames)

.debug_typenames
 *(.debug_typenames)

.debug_varnames
 *(.debug_varnames)

.debug_pubtypes
 *(.debug_pubtypes)

.debug_ranges   0x00000000      0x258
 *(.debug_ranges)
 .debug_ranges  0x00000000       0x28 APP/main.o
 .debug_ranges  0x00000028       0x48 HAL/LCD_program.o
 .debug_ranges  0x00000070       0x30 HAL/LED_program.o
 .debug_ranges  0x000000a0       0x18 HAL/MOTOR_program.o
 .debug_ranges  0x000000b8       0x28 MCAL/ADC_program.o
 .debug_ranges  0x000000e0       0x40 MCAL/DIO_program.o
 .debug_ranges  0x00000120       0x30 MCAL/EXT_program.o
 .debug_ranges  0x00000150       0x18 MCAL/GIE_program.o
 .debug_ranges  0x00000168       0x20 MCAL/SPI_program.o
 .debug_ranges  0x00000188       0x98 MCAL/TIMER_program.o
 .debug_ranges  0x00000220       0x38 MCAL/UART_program.o

.debug_macro
 *(.debug_macro)
OUTPUT(Master uC.elf elf32-avr)
LOAD linker stubs
